                  Boot Info Script 0.61      [1 April 2012]


============================= Boot Info Summary: ===============================

 => Grub2 (v1.99) is installed in the MBR of /dev/sda and looks at sector 1 of 
    the same hard drive for core.img. core.img is at this location and looks 
    in partition 135 for .
 => No boot loader is installed in the MBR of /dev/sdb.

sda1: __________________________________________________________________________

    File system:       ext2
    Boot sector type:  Unknown
    Boot sector info: 
    Operating System:  
    Boot files:        /grub/grub.cfg

sda2: __________________________________________________________________________

    File system:       ext4
    Boot sector type:  -
    Boot sector info: 
    Operating System:  Debian GNU/Linux 8
    Boot files:        /etc/fstab

sda3: __________________________________________________________________________

    File system:       ext4
    Boot sector type:  -
    Boot sector info: 
    Operating System:  
    Boot files:        

sda4: __________________________________________________________________________

    File system:       Extended Partition
    Boot sector type:  -
    Boot sector info: 

sda5: __________________________________________________________________________

    File system:       ext4
    Boot sector type:  -
    Boot sector info: 
    Operating System:  
    Boot files:        

sda6: __________________________________________________________________________

    File system:       ext4
    Boot sector type:  -
    Boot sector info: 
    Operating System:  
    Boot files:        

sda7: __________________________________________________________________________

    File system:       ext4
    Boot sector type:  -
    Boot sector info: 
    Operating System:  
    Boot files:        

sda8: __________________________________________________________________________

    File system:       ext4
    Boot sector type:  -
    Boot sector info: 
    Operating System:  
    Boot files:        

sda9: __________________________________________________________________________

    File system:       swap
    Boot sector type:  -
    Boot sector info: 

sda10: _________________________________________________________________________

    File system:       ext4
    Boot sector type:  -
    Boot sector info: 
    Operating System:  
    Boot files:        

sda11: _________________________________________________________________________

    File system:       ext4
    Boot sector type:  -
    Boot sector info: 
    Operating System:  
    Boot files:        

sda12: _________________________________________________________________________

    File system:       ext4
    Boot sector type:  -
    Boot sector info: 
    Operating System:  
    Boot files:        

sda13: _________________________________________________________________________

    File system:       ext4
    Boot sector type:  -
    Boot sector info: 
    Operating System:  
    Boot files:        

sda14: _________________________________________________________________________

    File system:       ext4
    Boot sector type:  -
    Boot sector info: 
    Operating System:  
    Boot files:        

sda15: _________________________________________________________________________

    File system:       ext4
    Boot sector type:  -
    Boot sector info: 
    Operating System:  
    Boot files:        

sdb1: __________________________________________________________________________

    File system:       ext2
    Boot sector type:  Unknown
    Boot sector info: 
    Operating System:  
    Boot files:        /grub/grub.cfg

sdb2: __________________________________________________________________________

    File system:       ext4
    Boot sector type:  -
    Boot sector info: 
    Operating System:  Debian GNU/Linux 8
    Boot files:        /etc/fstab

sdb3: __________________________________________________________________________

    File system:       ext4
    Boot sector type:  -
    Boot sector info: 
    Operating System:  
    Boot files:        

sdb4: __________________________________________________________________________

    File system:       Extended Partition
    Boot sector type:  -
    Boot sector info: 

sdb5: __________________________________________________________________________

    File system:       ext4
    Boot sector type:  -
    Boot sector info: 
    Operating System:  
    Boot files:        

sdb6: __________________________________________________________________________

    File system:       ext4
    Boot sector type:  -
    Boot sector info: 
    Operating System:  
    Boot files:        

sdb7: __________________________________________________________________________

    File system:       ext4
    Boot sector type:  -
    Boot sector info: 
    Operating System:  
    Boot files:        

sdb8: __________________________________________________________________________

    File system:       ext4
    Boot sector type:  -
    Boot sector info: 
    Operating System:  
    Boot files:        

sdb9: __________________________________________________________________________

    File system:       swap
    Boot sector type:  -
    Boot sector info: 

sdb10: _________________________________________________________________________

    File system:       ext4
    Boot sector type:  -
    Boot sector info: 
    Operating System:  
    Boot files:        

sdb11: _________________________________________________________________________

    File system:       ext4
    Boot sector type:  -
    Boot sector info: 
    Operating System:  
    Boot files:        

sdb12: _________________________________________________________________________

    File system:       ext4
    Boot sector type:  -
    Boot sector info: 
    Operating System:  
    Boot files:        

sdb13: _________________________________________________________________________

    File system:       ext4
    Boot sector type:  -
    Boot sector info: 
    Operating System:  
    Boot files:        

sdb14: _________________________________________________________________________

    File system:       ext4
    Boot sector type:  -
    Boot sector info: 
    Operating System:  
    Boot files:        

sdb15: _________________________________________________________________________

    File system:       ext4
    Boot sector type:  -
    Boot sector info: 
    Operating System:  
    Boot files:        

============================ Drive/Partition Info: =============================

Drive: sda _____________________________________________________________________

Disk /dev/sda: 931.5 GiB, 1000204886016 bytes, 1953525168 sectors
Units: sectors of 1 * 512 = 512 bytes
Sector size (logical/physical): 512 bytes / 512 bytes
I/O size (minimum/optimal): 512 bytes / 512 bytes

Partition  Boot  Start Sector    End Sector  # of Sectors  Id System

/dev/sda1    *          2,048       976,895       974,848  83 Linux
/dev/sda2             976,896    10,741,759     9,764,864  83 Linux
/dev/sda3          10,741,760    40,038,399    29,296,640  83 Linux
/dev/sda4          40,040,446 1,953,523,711 1,913,483,266   5 Extended
/dev/sda5          40,040,448    55,662,591    15,622,144  83 Linux
/dev/sda6          55,664,640    71,286,783    15,622,144  83 Linux
/dev/sda7          71,288,832    86,910,975    15,622,144  83 Linux
/dev/sda8          86,913,024   125,972,479    39,059,456  83 Linux
/dev/sda9         125,974,528   188,473,343    62,498,816  82 Linux swap / Solaris
/dev/sda10        188,475,392   227,534,847    39,059,456  83 Linux
/dev/sda11        227,536,896   266,596,351    39,059,456  83 Linux
/dev/sda12        266,598,400   852,533,247   585,934,848  83 Linux
/dev/sda13        852,535,296 1,438,470,143   585,934,848  83 Linux
/dev/sda14      1,438,472,192 1,467,766,783    29,294,592  83 Linux
/dev/sda15      1,467,768,832 1,953,523,711   485,754,880  83 Linux


Drive: sdb _____________________________________________________________________

Disk /dev/sdb: 931.5 GiB, 1000204886016 bytes, 1953525168 sectors
Units: sectors of 1 * 512 = 512 bytes
Sector size (logical/physical): 512 bytes / 512 bytes
I/O size (minimum/optimal): 512 bytes / 512 bytes

Partition  Boot  Start Sector    End Sector  # of Sectors  Id System

/dev/sdb1               2,048       976,895       974,848  83 Linux
/dev/sdb2             976,896    10,741,759     9,764,864  83 Linux
/dev/sdb3          10,741,760    40,038,399    29,296,640  83 Linux
/dev/sdb4          40,040,446 1,953,523,711 1,913,483,266   5 Extended
/dev/sdb5          40,040,448    55,662,591    15,622,144  83 Linux
/dev/sdb6          55,664,640    71,286,783    15,622,144  83 Linux
/dev/sdb7          71,288,832    86,910,975    15,622,144  83 Linux
/dev/sdb8          86,913,024   125,972,479    39,059,456  83 Linux
/dev/sdb9         125,974,528   188,473,343    62,498,816  82 Linux swap / Solaris
/dev/sdb10        188,475,392   227,534,847    39,059,456  83 Linux
/dev/sdb11        227,536,896   266,596,351    39,059,456  83 Linux
/dev/sdb12        266,598,400   852,533,247   585,934,848  83 Linux
/dev/sdb13        852,535,296 1,438,470,143   585,934,848  83 Linux
/dev/sdb14      1,438,472,192 1,467,766,783    29,294,592  83 Linux
/dev/sdb15      1,467,768,832 1,953,523,711   485,754,880  83 Linux


"blkid" output: ________________________________________________________________

Device           UUID                                   TYPE       LABEL

/dev/sda1        0bfa6b09-eea6-4a6a-b55b-34ee70d10c3d   ext2       
/dev/sda10       e96bc92f-c21d-46d6-bf91-429c928fdd0f   ext4       
/dev/sda11       ba5f9fa5-7ffc-440e-a6fb-91fd032f159f   ext4       
/dev/sda12       ffa47386-c221-44e8-82e3-c554c31866b0   ext4       
/dev/sda13       a2768428-9de1-4ae1-bf39-7e9cb19057ff   ext4       
/dev/sda14       e5a56f90-72fd-432a-8f67-3ad3bf16a833   ext4       
/dev/sda15       69927d04-e6e5-4023-93fd-aa36e7c873b6   ext4       
/dev/sda2        e37b440d-c6ed-4855-a0d9-96a2a7dfae25   ext4       
/dev/sda3        c1312bbb-3b38-4def-a72e-5eb9a30251d0   ext4       
/dev/sda5        dd3301a3-4685-4d32-9ef8-b66d83bcd9b6   ext4       
/dev/sda6        9408db38-0078-410c-9f83-7e550d4e9716   ext4       
/dev/sda7        bd421a84-d5ed-47fb-9273-52af4a2d922a   ext4       
/dev/sda8        8b2afcbf-b9f5-4c51-a12a-032849a23eb6   ext4       
/dev/sda9        30671d72-fc56-4a33-b2cb-38daa9c3b541   swap       
/dev/sdb1        65249669-4ce8-48df-a7e5-d45af66fa915   ext2       
/dev/sdb10       5c4bd5d3-d11f-4598-833e-9a23bbb479b9   ext4       
/dev/sdb11       dcb72997-25d4-4eff-9492-387781c09968   ext4       
/dev/sdb12       bb9de137-661e-40f9-9002-2a72f6de1b8e   ext4       
/dev/sdb13       6c0f4178-5693-4884-a02d-a7cd934c869d   ext4       
/dev/sdb14       ecb590a9-7922-40ca-aa8e-2821e441a59b   ext4       
/dev/sdb15       10674d1f-1dfe-4170-a1ad-640bc114d240   ext4       
/dev/sdb2        ec58a2e1-dc39-492e-818a-2cb629febc84   ext4       
/dev/sdb3        99684c81-d216-4aee-978b-32884324719d   ext4       
/dev/sdb5        426a2f2e-e0fc-4edb-93f8-6571f888952e   ext4       
/dev/sdb6        a9a973f0-b898-4390-99f0-b66091aaf035   ext4       
/dev/sdb7        be1ea37e-6a03-4d46-9b13-b2c182223ab8   ext4       
/dev/sdb8        adf37415-33be-41c9-87e7-0de5d90ea678   ext4       
/dev/sdb9        65ce3aa8-f589-4ea5-b2d5-6c9fabb70686   swap       

================================ Mount points: =================================

Device           Mount_Point              Type       Options

/dev/sdb10       /src1                    ext4       (rw,relatime,data=ordered)
/dev/sdb11       /src2                    ext4       (rw,relatime,data=ordered)
/dev/sdb12       /src3                    ext4       (rw,relatime,data=ordered)
/dev/sdb13       /src4                    ext4       (rw,relatime,data=ordered)
/dev/sdb14       /backup                  ext4       (rw,relatime,data=ordered)
/dev/sdb15       /video                   ext4       (rw,relatime,data=ordered)
/dev/sdb1        /boot                    ext2       (rw,relatime)
/dev/sdb2        /                        ext4       (rw,relatime,errors=remount-ro,data=ordered)
/dev/sdb3        /usr                     ext4       (rw,relatime,data=ordered)
/dev/sdb5        /var                     ext4       (rw,relatime,data=ordered)
/dev/sdb6        /usr/local               ext4       (rw,relatime,data=ordered)
/dev/sdb7        /tmp                     ext4       (rw,relatime,data=ordered)
/dev/sdb8        /home                    ext4       (rw,relatime,data=ordered)


============================= sda1/grub/grub.cfg: ==============================

--------------------------------------------------------------------------------
#
# DO NOT EDIT THIS FILE
#
# It is automatically generated by grub-mkconfig using templates
# from /etc/grub.d and settings from /etc/default/grub
#

### BEGIN /etc/grub.d/00_header ###
if [ -s $prefix/grubenv ]; then
  set have_grubenv=true
  load_env
fi
if [ "${next_entry}" ] ; then
   set default="${next_entry}"
   set next_entry=
   save_env next_entry
   set boot_once=true
else
   set default="0"
fi

if [ x"${feature_menuentry_id}" = xy ]; then
  menuentry_id_option="--id"
else
  menuentry_id_option=""
fi

export menuentry_id_option

if [ "${prev_saved_entry}" ]; then
  set saved_entry="${prev_saved_entry}"
  save_env saved_entry
  set prev_saved_entry=
  save_env prev_saved_entry
  set boot_once=true
fi

function savedefault {
  if [ -z "${boot_once}" ]; then
    saved_entry="${chosen}"
    save_env saved_entry
  fi
}
function load_video {
  if [ x$feature_all_video_module = xy ]; then
    insmod all_video
  else
    insmod efi_gop
    insmod efi_uga
    insmod ieee1275_fb
    insmod vbe
    insmod vga
    insmod video_bochs
    insmod video_cirrus
  fi
}

if [ x$feature_default_font_path = xy ] ; then
   font=unicode
else
insmod part_msdos
insmod ext2
set root='hd0,msdos3'
if [ x$feature_platform_search_hint = xy ]; then
  search --no-floppy --fs-uuid --set=root --hint-bios=hd0,msdos3 --hint-efi=hd0,msdos3 --hint-baremetal=ahci0,msdos3 --hint='hd0,msdos3'  c1312bbb-3b38-4def-a72e-5eb9a30251d0
else
  search --no-floppy --fs-uuid --set=root c1312bbb-3b38-4def-a72e-5eb9a30251d0
fi
    font="/share/grub/unicode.pf2"
fi

if loadfont $font ; then
  set gfxmode=auto
  load_video
  insmod gfxterm
  set locale_dir=$prefix/locale
  set lang=en_US
  insmod gettext
fi
terminal_output gfxterm
if [ "${recordfail}" = 1 ] ; then
  set timeout=-1
else
  if [ x$feature_timeout_style = xy ] ; then
    set timeout_style=menu
    set timeout=5
  # Fallback normal timeout code in case the timeout_style feature is
  # unavailable.
  else
    set timeout=5
  fi
fi
### END /etc/grub.d/00_header ###

### BEGIN /etc/grub.d/05_debian_theme ###
insmod part_msdos
insmod ext2
set root='hd0,msdos3'
if [ x$feature_platform_search_hint = xy ]; then
  search --no-floppy --fs-uuid --set=root --hint-bios=hd0,msdos3 --hint-efi=hd0,msdos3 --hint-baremetal=ahci0,msdos3 --hint='hd0,msdos3'  c1312bbb-3b38-4def-a72e-5eb9a30251d0
else
  search --no-floppy --fs-uuid --set=root c1312bbb-3b38-4def-a72e-5eb9a30251d0
fi
insmod png
if background_image /share/images/desktop-base/lines-grub.png; then
  set color_normal=white/black
  set color_highlight=black/white
else
  set menu_color_normal=cyan/blue
  set menu_color_highlight=white/blue
fi
### END /etc/grub.d/05_debian_theme ###

### BEGIN /etc/grub.d/08_Debian-sid ###
menuentry 'Debian, with Linux 3.16.0-4-amd64 on /dev/sdb' {
	insmod ext2
	set root='(hd1,1)'
	echo	'Loading Linux 3.16.0-4-amd64 ...'
	linux	/vmlinuz-3.16.0-4-amd64 root=/dev/sdb2 ro quiet
	echo	'Loading initial ramdisk ...'
	initrd	/initrd.img-3.16.0-4-amd64
}

menuentry 'Debian, with Linux 3.16.0-4-amd64 on /dev/sda' {
	insmod ext2
	set root='(hd0,1)'
	echo	'Loading Linux 3.16.0-4-amd64 ...'
	linux	/vmlinuz-3.16.0-4-amd64 root=/dev/sda2 ro quiet
	echo	'Loading initial ramdisk ...'
	initrd	/initrd.img-3.16.0-4-amd64
}
### END /etc/grub.d/08_Debian-sid ###

### BEGIN /etc/grub.d/10_linux ###
function gfxmode {
	set gfxpayload="${1}"
}
set linux_gfx_mode=
export linux_gfx_mode
menuentry 'Debian GNU/Linux' --class debian --class gnu-linux --class gnu --class os $menuentry_id_option 'gnulinux-simple-e37b440d-c6ed-4855-a0d9-96a2a7dfae25' {
	load_video
	insmod gzio
	if [ x$grub_platform = xxen ]; then insmod xzio; insmod lzopio; fi
	insmod part_msdos
	insmod ext2
	set root='hd0,msdos1'
	if [ x$feature_platform_search_hint = xy ]; then
	  search --no-floppy --fs-uuid --set=root --hint-bios=hd0,msdos1 --hint-efi=hd0,msdos1 --hint-baremetal=ahci0,msdos1 --hint='hd0,msdos1'  0bfa6b09-eea6-4a6a-b55b-34ee70d10c3d
	else
	  search --no-floppy --fs-uuid --set=root 0bfa6b09-eea6-4a6a-b55b-34ee70d10c3d
	fi
	echo	'Loading Linux 3.16.0-4-amd64 ...'
	linux	/vmlinuz-3.16.0-4-amd64 root=UUID=e37b440d-c6ed-4855-a0d9-96a2a7dfae25 ro  nomodeset
	echo	'Loading initial ramdisk ...'
	initrd	/initrd.img-3.16.0-4-amd64
}
submenu 'Advanced options for Debian GNU/Linux' $menuentry_id_option 'gnulinux-advanced-e37b440d-c6ed-4855-a0d9-96a2a7dfae25' {
	menuentry 'Debian GNU/Linux, with Linux 3.16.0-4-amd64' --class debian --class gnu-linux --class gnu --class os $menuentry_id_option 'gnulinux-3.16.0-4-amd64-advanced-e37b440d-c6ed-4855-a0d9-96a2a7dfae25' {
		load_video
		insmod gzio
		if [ x$grub_platform = xxen ]; then insmod xzio; insmod lzopio; fi
		insmod part_msdos
		insmod ext2
		set root='hd0,msdos1'
		if [ x$feature_platform_search_hint = xy ]; then
		  search --no-floppy --fs-uuid --set=root --hint-bios=hd0,msdos1 --hint-efi=hd0,msdos1 --hint-baremetal=ahci0,msdos1 --hint='hd0,msdos1'  0bfa6b09-eea6-4a6a-b55b-34ee70d10c3d
		else
		  search --no-floppy --fs-uuid --set=root 0bfa6b09-eea6-4a6a-b55b-34ee70d10c3d
		fi
		echo	'Loading Linux 3.16.0-4-amd64 ...'
		linux	/vmlinuz-3.16.0-4-amd64 root=UUID=e37b440d-c6ed-4855-a0d9-96a2a7dfae25 ro  nomodeset
		echo	'Loading initial ramdisk ...'
		initrd	/initrd.img-3.16.0-4-amd64
	}
	menuentry 'Debian GNU/Linux, with Linux 3.16.0-4-amd64 (sysvinit)' --class debian --class gnu-linux --class gnu --class os $menuentry_id_option 'gnulinux-3.16.0-4-amd64-init-sysvinit-e37b440d-c6ed-4855-a0d9-96a2a7dfae25' {
		load_video
		insmod gzio
		if [ x$grub_platform = xxen ]; then insmod xzio; insmod lzopio; fi
		insmod part_msdos
		insmod ext2
		set root='hd0,msdos1'
		if [ x$feature_platform_search_hint = xy ]; then
		  search --no-floppy --fs-uuid --set=root --hint-bios=hd0,msdos1 --hint-efi=hd0,msdos1 --hint-baremetal=ahci0,msdos1 --hint='hd0,msdos1'  0bfa6b09-eea6-4a6a-b55b-34ee70d10c3d
		else
		  search --no-floppy --fs-uuid --set=root 0bfa6b09-eea6-4a6a-b55b-34ee70d10c3d
		fi
		echo	'Loading Linux 3.16.0-4-amd64 ...'
		linux	/vmlinuz-3.16.0-4-amd64 root=UUID=e37b440d-c6ed-4855-a0d9-96a2a7dfae25 ro  nomodeset init=/lib/sysvinit/init
		echo	'Loading initial ramdisk ...'
		initrd	/initrd.img-3.16.0-4-amd64
	}
	menuentry 'Debian GNU/Linux, with Linux 3.16.0-4-amd64 (recovery mode)' --class debian --class gnu-linux --class gnu --class os $menuentry_id_option 'gnulinux-3.16.0-4-amd64-recovery-e37b440d-c6ed-4855-a0d9-96a2a7dfae25' {
		load_video
		insmod gzio
		if [ x$grub_platform = xxen ]; then insmod xzio; insmod lzopio; fi
		insmod part_msdos
		insmod ext2
		set root='hd0,msdos1'
		if [ x$feature_platform_search_hint = xy ]; then
		  search --no-floppy --fs-uuid --set=root --hint-bios=hd0,msdos1 --hint-efi=hd0,msdos1 --hint-baremetal=ahci0,msdos1 --hint='hd0,msdos1'  0bfa6b09-eea6-4a6a-b55b-34ee70d10c3d
		else
		  search --no-floppy --fs-uuid --set=root 0bfa6b09-eea6-4a6a-b55b-34ee70d10c3d
		fi
		echo	'Loading Linux 3.16.0-4-amd64 ...'
		linux	/vmlinuz-3.16.0-4-amd64 root=UUID=e37b440d-c6ed-4855-a0d9-96a2a7dfae25 ro single 
		echo	'Loading initial ramdisk ...'
		initrd	/initrd.img-3.16.0-4-amd64
	}
}

### END /etc/grub.d/10_linux ###

### BEGIN /etc/grub.d/20_ipxe ###
menuentry "Network boot (iPXE)" --users "" --class network {
	insmod part_msdos
	insmod ext2
	set root='hd0,msdos1'
	if [ x$feature_platform_search_hint = xy ]; then
	  search --no-floppy --fs-uuid --set=root --hint-bios=hd0,msdos1 --hint-efi=hd0,msdos1 --hint-baremetal=ahci0,msdos1 --hint='hd0,msdos1'  0bfa6b09-eea6-4a6a-b55b-34ee70d10c3d
	else
	  search --no-floppy --fs-uuid --set=root 0bfa6b09-eea6-4a6a-b55b-34ee70d10c3d
	fi
	linux16 /ipxe.lkrn
}
### END /etc/grub.d/20_ipxe ###

### BEGIN /etc/grub.d/20_linux_xen ###

### END /etc/grub.d/20_linux_xen ###

### BEGIN /etc/grub.d/30_os-prober ###
### END /etc/grub.d/30_os-prober ###

### BEGIN /etc/grub.d/30_otheros ###
### END /etc/grub.d/30_otheros ###

### BEGIN /etc/grub.d/30_uefi-firmware ###
### END /etc/grub.d/30_uefi-firmware ###

### BEGIN /etc/grub.d/40_custom ###
# This file provides an easy way to add custom menu entries.  Simply type the
# menu entries you want to add after this comment.  Be careful not to change
# the 'exec tail' line above.
### END /etc/grub.d/40_custom ###

### BEGIN /etc/grub.d/41_custom ###
if [ -f  ${config_directory}/custom.cfg ]; then
  source ${config_directory}/custom.cfg
elif [ -z "${config_directory}" -a -f  $prefix/custom.cfg ]; then
  source $prefix/custom.cfg;
fi
### END /etc/grub.d/41_custom ###
--------------------------------------------------------------------------------

=================== sda1: Location of files loaded by Grub: ====================

           GiB - GB             File                                 Fragment(s)


=============================== sda2/etc/fstab: ================================

--------------------------------------------------------------------------------
# /etc/fstab: static file system information.
#
# Use 'blkid' to print the universally unique identifier for a
# device; this may be used with UUID= as a more robust way to name devices
# that works even if disks are added and removed. See fstab(5).
#
# <file system> <mount point>   <type>  <options>       <dump>  <pass>
proc            /proc           proc    defaults        0       0
# / was on /dev/sda2 during installation
UUID=e37b440d-c6ed-4855-a0d9-96a2a7dfae25 /               ext4    errors=remount-ro 0       1
# /backup was on /dev/sda14 during installation
UUID=e5a56f90-72fd-432a-8f67-3ad3bf16a833 /backup         ext4    defaults        0       2
# /boot was on /dev/sda1 during installation
UUID=0bfa6b09-eea6-4a6a-b55b-34ee70d10c3d /boot           ext2    defaults        0       2
# /home was on /dev/sda8 during installation
UUID=8b2afcbf-b9f5-4c51-a12a-032849a23eb6 /home           ext4    defaults        0       2
# /src1 was on /dev/sda10 during installation
UUID=e96bc92f-c21d-46d6-bf91-429c928fdd0f /src1           ext4    defaults        0       2
# /src2 was on /dev/sda11 during installation
UUID=ba5f9fa5-7ffc-440e-a6fb-91fd032f159f /src2           ext4    defaults        0       2
# /src3 was on /dev/sda12 during installation
UUID=ffa47386-c221-44e8-82e3-c554c31866b0 /src3           ext4    defaults        0       2
# /src4 was on /dev/sda13 during installation
UUID=a2768428-9de1-4ae1-bf39-7e9cb19057ff /src4           ext4    defaults        0       2
# /tmp was on /dev/sda7 during installation
UUID=bd421a84-d5ed-47fb-9273-52af4a2d922a /tmp            ext4    defaults        0       2
# /usr was on /dev/sda3 during installation
UUID=c1312bbb-3b38-4def-a72e-5eb9a30251d0 /usr            ext4    defaults        0       2
# /usr/local was on /dev/sda6 during installation
UUID=9408db38-0078-410c-9f83-7e550d4e9716 /usr/local      ext4    defaults        0       2
# /var was on /dev/sda5 during installation
UUID=dd3301a3-4685-4d32-9ef8-b66d83bcd9b6 /var            ext4    defaults        0       2
# /video was on /dev/sda15 during installation
UUID=69927d04-e6e5-4023-93fd-aa36e7c873b6 /video          ext4    defaults        0       2
# swap was on /dev/sda9 during installation
UUID=30671d72-fc56-4a33-b2cb-38daa9c3b541 none            swap    sw              0       0
# swap was on /dev/sdb9 during installation
UUID=65ce3aa8-f589-4ea5-b2d5-6c9fabb70686 none            swap    sw              0       0
/dev/scd0       /media/cdrom0   udf,iso9660 user,noauto     0       0
shm    /dev/shm        tmpfs    nodev,nosuid                0       0 
--------------------------------------------------------------------------------

=================== sda2: Location of files loaded by Grub: ====================

           GiB - GB             File                                 Fragment(s)


============================= sdb1/grub/grub.cfg: ==============================

--------------------------------------------------------------------------------
#
# DO NOT EDIT THIS FILE
#
# It is automatically generated by grub-mkconfig using templates
# from /etc/grub.d and settings from /etc/default/grub
#

### BEGIN /etc/grub.d/00_header ###
if [ -s $prefix/grubenv ]; then
  set have_grubenv=true
  load_env
fi
if [ "${next_entry}" ] ; then
   set default="${next_entry}"
   set next_entry=
   save_env next_entry
   set boot_once=true
else
   set default="0"
fi

if [ x"${feature_menuentry_id}" = xy ]; then
  menuentry_id_option="--id"
else
  menuentry_id_option=""
fi

export menuentry_id_option

if [ "${prev_saved_entry}" ]; then
  set saved_entry="${prev_saved_entry}"
  save_env saved_entry
  set prev_saved_entry=
  save_env prev_saved_entry
  set boot_once=true
fi

function savedefault {
  if [ -z "${boot_once}" ]; then
    saved_entry="${chosen}"
    save_env saved_entry
  fi
}
function load_video {
  if [ x$feature_all_video_module = xy ]; then
    insmod all_video
  else
    insmod efi_gop
    insmod efi_uga
    insmod ieee1275_fb
    insmod vbe
    insmod vga
    insmod video_bochs
    insmod video_cirrus
  fi
}

if [ x$feature_default_font_path = xy ] ; then
   font=unicode
else
insmod part_msdos
insmod ext2
set root='hd1,msdos3'
if [ x$feature_platform_search_hint = xy ]; then
  search --no-floppy --fs-uuid --set=root --hint-bios=hd1,msdos3 --hint-efi=hd1,msdos3 --hint-baremetal=ahci1,msdos3 --hint='hd1,msdos3'  99684c81-d216-4aee-978b-32884324719d
else
  search --no-floppy --fs-uuid --set=root 99684c81-d216-4aee-978b-32884324719d
fi
    font="/share/grub/unicode.pf2"
fi

if loadfont $font ; then
  set gfxmode=auto
  load_video
  insmod gfxterm
  set locale_dir=$prefix/locale
  set lang=en_US
  insmod gettext
fi
terminal_output gfxterm
if [ "${recordfail}" = 1 ] ; then
  set timeout=-1
else
  if [ x$feature_timeout_style = xy ] ; then
    set timeout_style=menu
    set timeout=5
  # Fallback normal timeout code in case the timeout_style feature is
  # unavailable.
  else
    set timeout=5
  fi
fi
### END /etc/grub.d/00_header ###

### BEGIN /etc/grub.d/05_debian_theme ###
insmod part_msdos
insmod ext2
set root='hd1,msdos3'
if [ x$feature_platform_search_hint = xy ]; then
  search --no-floppy --fs-uuid --set=root --hint-bios=hd1,msdos3 --hint-efi=hd1,msdos3 --hint-baremetal=ahci1,msdos3 --hint='hd1,msdos3'  99684c81-d216-4aee-978b-32884324719d
else
  search --no-floppy --fs-uuid --set=root 99684c81-d216-4aee-978b-32884324719d
fi
insmod png
if background_image /share/images/desktop-base/lines-grub.png; then
  set color_normal=white/black
  set color_highlight=black/white
else
  set menu_color_normal=cyan/blue
  set menu_color_highlight=white/blue
fi
### END /etc/grub.d/05_debian_theme ###

### BEGIN /etc/grub.d/08_Debian-sid ###
menuentry 'Debian, with Linux 3.16.0-4-amd64 on /dev/sdb' {
	insmod ext2
	set root='(hd1,1)'
	echo	'Loading Linux 3.16.0-4-amd64 ...'
	linux	/vmlinuz-3.16.0-4-amd64 root=/dev/sdb2 ro quiet
	echo	'Loading initial ramdisk ...'
	initrd	/initrd.img-3.16.0-4-amd64
}

menuentry 'Debian, with Linux 3.16.0-4-amd64 on /dev/sda' {
	insmod ext2
	set root='(hd0,1)'
	echo	'Loading Linux 3.16.0-4-amd64 ...'
	linux	/vmlinuz-3.16.0-4-amd64 root=/dev/sda2 ro quiet
	echo	'Loading initial ramdisk ...'
	initrd	/initrd.img-3.16.0-4-amd64
}
### END /etc/grub.d/08_Debian-sid ###

### BEGIN /etc/grub.d/10_linux ###
function gfxmode {
	set gfxpayload="${1}"
}
set linux_gfx_mode=
export linux_gfx_mode
menuentry 'Debian GNU/Linux' --class debian --class gnu-linux --class gnu --class os $menuentry_id_option 'gnulinux-simple-ec58a2e1-dc39-492e-818a-2cb629febc84' {
	load_video
	insmod gzio
	if [ x$grub_platform = xxen ]; then insmod xzio; insmod lzopio; fi
	insmod part_msdos
	insmod ext2
	set root='hd1,msdos1'
	if [ x$feature_platform_search_hint = xy ]; then
	  search --no-floppy --fs-uuid --set=root --hint-bios=hd1,msdos1 --hint-efi=hd1,msdos1 --hint-baremetal=ahci1,msdos1 --hint='hd1,msdos1'  65249669-4ce8-48df-a7e5-d45af66fa915
	else
	  search --no-floppy --fs-uuid --set=root 65249669-4ce8-48df-a7e5-d45af66fa915
	fi
	echo	'Loading Linux 3.16.0-4-amd64 ...'
	linux	/vmlinuz-3.16.0-4-amd64 root=UUID=ec58a2e1-dc39-492e-818a-2cb629febc84 ro  quiet
	echo	'Loading initial ramdisk ...'
	initrd	/initrd.img-3.16.0-4-amd64
}
submenu 'Advanced options for Debian GNU/Linux' $menuentry_id_option 'gnulinux-advanced-ec58a2e1-dc39-492e-818a-2cb629febc84' {
	menuentry 'Debian GNU/Linux, with Linux 3.16.0-4-amd64' --class debian --class gnu-linux --class gnu --class os $menuentry_id_option 'gnulinux-3.16.0-4-amd64-advanced-ec58a2e1-dc39-492e-818a-2cb629febc84' {
		load_video
		insmod gzio
		if [ x$grub_platform = xxen ]; then insmod xzio; insmod lzopio; fi
		insmod part_msdos
		insmod ext2
		set root='hd1,msdos1'
		if [ x$feature_platform_search_hint = xy ]; then
		  search --no-floppy --fs-uuid --set=root --hint-bios=hd1,msdos1 --hint-efi=hd1,msdos1 --hint-baremetal=ahci1,msdos1 --hint='hd1,msdos1'  65249669-4ce8-48df-a7e5-d45af66fa915
		else
		  search --no-floppy --fs-uuid --set=root 65249669-4ce8-48df-a7e5-d45af66fa915
		fi
		echo	'Loading Linux 3.16.0-4-amd64 ...'
		linux	/vmlinuz-3.16.0-4-amd64 root=UUID=ec58a2e1-dc39-492e-818a-2cb629febc84 ro  quiet
		echo	'Loading initial ramdisk ...'
		initrd	/initrd.img-3.16.0-4-amd64
	}
	menuentry 'Debian GNU/Linux, with Linux 3.16.0-4-amd64 (sysvinit)' --class debian --class gnu-linux --class gnu --class os $menuentry_id_option 'gnulinux-3.16.0-4-amd64-init-sysvinit-ec58a2e1-dc39-492e-818a-2cb629febc84' {
		load_video
		insmod gzio
		if [ x$grub_platform = xxen ]; then insmod xzio; insmod lzopio; fi
		insmod part_msdos
		insmod ext2
		set root='hd1,msdos1'
		if [ x$feature_platform_search_hint = xy ]; then
		  search --no-floppy --fs-uuid --set=root --hint-bios=hd1,msdos1 --hint-efi=hd1,msdos1 --hint-baremetal=ahci1,msdos1 --hint='hd1,msdos1'  65249669-4ce8-48df-a7e5-d45af66fa915
		else
		  search --no-floppy --fs-uuid --set=root 65249669-4ce8-48df-a7e5-d45af66fa915
		fi
		echo	'Loading Linux 3.16.0-4-amd64 ...'
		linux	/vmlinuz-3.16.0-4-amd64 root=UUID=ec58a2e1-dc39-492e-818a-2cb629febc84 ro  quiet init=/lib/sysvinit/init
		echo	'Loading initial ramdisk ...'
		initrd	/initrd.img-3.16.0-4-amd64
	}
	menuentry 'Debian GNU/Linux, with Linux 3.16.0-4-amd64 (recovery mode)' --class debian --class gnu-linux --class gnu --class os $menuentry_id_option 'gnulinux-3.16.0-4-amd64-recovery-ec58a2e1-dc39-492e-818a-2cb629febc84' {
		load_video
		insmod gzio
		if [ x$grub_platform = xxen ]; then insmod xzio; insmod lzopio; fi
		insmod part_msdos
		insmod ext2
		set root='hd1,msdos1'
		if [ x$feature_platform_search_hint = xy ]; then
		  search --no-floppy --fs-uuid --set=root --hint-bios=hd1,msdos1 --hint-efi=hd1,msdos1 --hint-baremetal=ahci1,msdos1 --hint='hd1,msdos1'  65249669-4ce8-48df-a7e5-d45af66fa915
		else
		  search --no-floppy --fs-uuid --set=root 65249669-4ce8-48df-a7e5-d45af66fa915
		fi
		echo	'Loading Linux 3.16.0-4-amd64 ...'
		linux	/vmlinuz-3.16.0-4-amd64 root=UUID=ec58a2e1-dc39-492e-818a-2cb629febc84 ro single 
		echo	'Loading initial ramdisk ...'
		initrd	/initrd.img-3.16.0-4-amd64
	}
}

### END /etc/grub.d/10_linux ###

### BEGIN /etc/grub.d/20_linux_xen ###

### END /etc/grub.d/20_linux_xen ###

### BEGIN /etc/grub.d/30_os-prober ###
### END /etc/grub.d/30_os-prober ###

### BEGIN /etc/grub.d/30_otheros ###
### END /etc/grub.d/30_otheros ###

### BEGIN /etc/grub.d/30_uefi-firmware ###
### END /etc/grub.d/30_uefi-firmware ###

### BEGIN /etc/grub.d/40_custom ###
# This file provides an easy way to add custom menu entries.  Simply type the
# menu entries you want to add after this comment.  Be careful not to change
# the 'exec tail' line above.
### END /etc/grub.d/40_custom ###

### BEGIN /etc/grub.d/41_custom ###
if [ -f  ${config_directory}/custom.cfg ]; then
  source ${config_directory}/custom.cfg
elif [ -z "${config_directory}" -a -f  $prefix/custom.cfg ]; then
  source $prefix/custom.cfg;
fi
### END /etc/grub.d/41_custom ###
--------------------------------------------------------------------------------

=================== sdb1: Location of files loaded by Grub: ====================

           GiB - GB             File                                 Fragment(s)


=============================== sdb2/etc/fstab: ================================

--------------------------------------------------------------------------------
# /etc/fstab: static file system information.
#
# Use 'blkid' to print the universally unique identifier for a
# device; this may be used with UUID= as a more robust way to name devices
# that works even if disks are added and removed. See fstab(5).
#
# <file system> <mount point>   <type>  <options>       <dump>  <pass>
proc            /proc           proc    defaults        0       0
# / was on /dev/sdb2 during installation
UUID=ec58a2e1-dc39-492e-818a-2cb629febc84 /               ext4    errors=remount-ro 0       1
# /backup was on /dev/sdb14 during installation
UUID=ecb590a9-7922-40ca-aa8e-2821e441a59b /backup         ext4    defaults        0       2
# /boot was on /dev/sdb1 during installation
UUID=65249669-4ce8-48df-a7e5-d45af66fa915 /boot           ext2    defaults        0       2
# /home was on /dev/sdb8 during installation
UUID=adf37415-33be-41c9-87e7-0de5d90ea678 /home           ext4    defaults        0       2
# /src1 was on /dev/sdb10 during installation
UUID=5c4bd5d3-d11f-4598-833e-9a23bbb479b9 /src1           ext4    defaults        0       2
# /src2 was on /dev/sdb11 during installation
UUID=dcb72997-25d4-4eff-9492-387781c09968 /src2           ext4    defaults        0       2
# /src3 was on /dev/sdb12 during installation
UUID=bb9de137-661e-40f9-9002-2a72f6de1b8e /src3           ext4    defaults        0       2
# /src4 was on /dev/sdb13 during installation
UUID=6c0f4178-5693-4884-a02d-a7cd934c869d /src4           ext4    defaults        0       2
# /tmp was on /dev/sdb7 during installation
UUID=be1ea37e-6a03-4d46-9b13-b2c182223ab8 /tmp            ext4    defaults        0       2
# /usr was on /dev/sdb3 during installation
UUID=99684c81-d216-4aee-978b-32884324719d /usr            ext4    defaults        0       2
# /usr/local was on /dev/sdb6 during installation
UUID=a9a973f0-b898-4390-99f0-b66091aaf035 /usr/local      ext4    defaults        0       2
# /var was on /dev/sdb5 during installation
UUID=426a2f2e-e0fc-4edb-93f8-6571f888952e /var            ext4    defaults        0       2
# /video was on /dev/sdb15 during installation
UUID=10674d1f-1dfe-4170-a1ad-640bc114d240 /video          ext4    defaults        0       2
# swap was on /dev/sda9 during installation
UUID=a085e868-7eee-465a-bbc1-6c30f2b06ea0 none            swap    sw              0       0
# swap was on /dev/sdb9 during installation
UUID=8dbf6a20-e42a-4d35-8fcd-e8200d3f0abd none            swap    sw              0       0
/dev/scd0       /media/cdrom0   udf,iso9660 user,noauto     0       0
shm             /dev/shm        tmpfs       nodev,nosuid    0       0 
--------------------------------------------------------------------------------

=================== sdb2: Location of files loaded by Grub: ====================

           GiB - GB             File                                 Fragment(s)


======================== Unknown MBRs/Boot Sectors/etc: ========================

Unknown BootLoader on sda1

00000000  a6 1d 89 84 14 b7 25 6c  47 84 c6 80 ed a8 f8 93  |......%lG.......|
00000010  91 08 1f 80 dd a9 fc c5  8c db d2 1d dd 96 bf bd  |................|
00000020  ad db b6 1c 8e b6 05 68  6e 5a 49 70 92 01 c1 3e  |.......hnZIp...>|
00000030  13 9d 38 f2 61 e5 91 4b  fa 1e cd e9 de d8 78 27  |..8.a..K......x'|
00000040  8d 48 7f c4 34 80 3e 7e  95 cb 32 51 7a 2d ba c2  |.H..4.>~..2Qz-..|
00000050  78 54 93 6a 40 d9 c5 22  f5 a4 b4 cd 9e 1b 7e ed  |xT.j@.."......~.|
00000060  ac e6 9a ac 19 1d a4 4f  a6 eb 09 38 59 c4 b2 72  |.......O...8Y..r|
00000070  c7 33 b8 fa a4 06 3e f0  1d e1 99 4e 9e 87 ce a8  |.3....>....N....|
00000080  6c 05 e7 2b ef ff 89 59  ba 72 98 6b 59 c5 27 28  |l..+...Y.r.kY.'(|
00000090  64 dd ea d7 1f 79 59 f3  dd cd f3 7f 62 c6 09 ad  |d....yY.....b...|
000000a0  38 49 9e ac 09 94 14 83  8e 1f 49 9b d2 33 7d ce  |8I........I..3}.|
000000b0  d3 d0 b2 61 4d c5 48 03  65 e5 2b 34 30 2a 32 8f  |...aM.H.e.+40*2.|
000000c0  1d 67 9f fa 8c 1d 67 37  e8 67 25 40 c6 5d 20 2f  |.g....g7.g%@.] /|
000000d0  94 c6 da 42 47 d0 b0 b7  1e 9e 97 ca d9 1b a4 7a  |...BG..........z|
000000e0  cf 40 fe 15 78 03 1d a0  26 4b df 02 47 8d 8c a1  |.@..x...&K..G...|
000000f0  8f e0 74 43 ac 66 3c 42  29 fd f4 b2 83 18 3c 46  |..tC.f<B).....<F|
00000100  f9 93 bf 53 e5 6b d0 7e  df ca ff 6b 11 b6 94 a2  |...S.k.~...k....|
00000110  6f 80 ae 69 e6 de 19 0c  e6 5b 50 be dd a7 aa ad  |o..i.....[P.....|
00000120  fc 9b 8b 30 2c 00 65 89  a8 b1 44 b7 90 10 40 73  |...0,.e...D...@s|
00000130  a6 fc c4 4f 1a 49 44 39  d9 cd d0 82 d0 f9 9a 6d  |...O.ID9.......m|
00000140  72 da 13 f2 62 b3 52 74  96 39 d2 99 d1 91 ae c8  |r...b.Rt.9......|
00000150  33 92 36 0a 2c 6a d8 1d  ab cc b0 3b 66 fd 02 4d  |3.6.,j.....;f..M|
00000160  cd b0 82 b7 ae 36 39 0c  4d 91 04 ef c0 b8 c1 2b  |.....69.M......+|
00000170  dd c7 ce 4d de 02 c6 e4  94 be 63 09 3c af ab ea  |...M......c.<...|
00000180  50 03 fb 1c bc b8 1f dd  ef ba c3 0b e0 d2 90 3a  |P..............:|
00000190  e3 fd ab 10 0e 0b 17 9d  b4 07 75 08 ff 89 bc 12  |..........u.....|
000001a0  0c 8c 35 b2 39 ca 52 2e  b4 47 c9 fc 44 6d e2 2c  |..5.9.R..G..Dm.,|
000001b0  04 f0 7e 4a 39 10 bb 75  0d 8b a9 e1 5a 9d 3e b7  |..~J9..u....Z.>.|
000001c0  74 44 29 7c 93 50 81 3c  a9 4e 58 c1 01 be 83 08  |tD)|.P.<.NX.....|
000001d0  2e 66 a6 6e 55 4d 03 be  bc 19 13 53 a0 0f 5f b8  |.f.nUM.....S.._.|
000001e0  55 b3 ae ff fe f7 6d 18  3f 00 77 3b f6 dc 4c e6  |U.....m.?.w;..L.|
000001f0  0d 4d d1 a8 f9 94 e8 4b  a0 9a 72 e6 cd cc 90 17  |.M.....K..r.....|
00000200

Unknown BootLoader on sdb1

00000000  92 0c 3d f3 e6 ce 30 8b  a9 45 b9 b3 0c fe 59 de  |..=...0..E....Y.|
00000010  dc e9 f6 0c 90 10 78 67  07 33 dc 34 e7 2e ff 6c  |......xg.3.4...l|
00000020  af 7c 9f dd e6 95 36 a9  9f c6 86 b1 1b de 4a c3  |.|....6.......J.|
00000030  b8 93 7c 35 c5 7b 7b 0e  23 de 56 36 b1 5b c5 3c  |..|5.{{.#.V6.[.<|
00000040  2b 17 bc 57 7d 02 e9 d3  d8 f1 3c b2 bc 67 c6 57  |+..W}.....<..g.W|
00000050  44 b9 32 23 25 34 a1 69  c4 cc 5f a5 2c 65 b5 f4  |D.2#%4.i.._.,e..|
00000060  29 92 66 81 5e 3e c3 ac  7e 44 8e 57 38 ee ea 3f  |).f.^>..~D.W8..?|
00000070  c8 5d 73 63 ab 21 89 74  fd 13 8e 28 1f ec 6c e5  |.]sc.!.t...(..l.|
00000080  f0 87 e8 0c b1 49 08 d7  1d 67 c0 da 96 9a 5d cc  |.....I...g....].|
00000090  35 69 38 d7 46 d7 11 6a  5b 30 6c 52 a2 07 90 e2  |5i8.F..j[0lR....|
000000a0  3f f3 b2 49 4f 44 26 4f  d1 7d 86 a6 90 c3 4c a6  |?..IOD&O.}....L.|
000000b0  f2 6e 00 e9 69 ac 08 6c  a9 29 5c c8 92 a7 10 fc  |.n..i..l.)\.....|
000000c0  b6 4d 79 82 8a 04 b1 48  bb 96 67 d2 b7 f2 83 4a  |.My....H..g....J|
000000d0  3a 63 6e d1 3c 98 c2 fb  84 dc bc 4c ff 6c 18 86  |:cn.<......L.l..|
000000e0  f9 d7 8c 37 50 22 11 f5  72 6f e8 25 3b 9a 69 d6  |...7P"..ro.%;.i.|
000000f0  ff 88 8b 29 eb 98 cf a9  2e 18 82 51 56 1d 2c 74  |...).......QV.,t|
00000100  e1 ad 05 cc 14 e7 56 a9  79 4a fa 63 dc 7c a4 0c  |......V.yJ.c.|..|
00000110  79 0c c1 19 29 1c 6b cd  29 34 84 c1 98 66 c7 1c  |y...).k.)4...f..|
00000120  38 d9 c0 b3 3c 63 fb 3f  c4 37 f8 f4 a3 46 12 81  |8...<c.?.7...F..|
00000130  f0 ac f1 46 c2 47 69 86  06 ed bb 7a 7c 2c 90 61  |...F.Gi....z|,.a|
00000140  c1 f3 91 bb 79 14 69 b7  be 88 31 54 07 7d 71 30  |....y.i...1T.}q0|
00000150  d7 6c 3c 63 dc 20 04 34  a7 fc 3c 20 96 48 8d e4  |.l<c. .4..< .H..|
00000160  b5 70 f6 20 b3 bd 88 23  fd c4 fe d8 48 13 1c df  |.p. ...#....H...|
00000170  39 83 58 58 7d de 41 1c  73 20 5d 4f ee b6 1f 43  |9.XX}.A.s ]O...C|
00000180  50 0f c2 d8 9c d5 11 44  52 83 06 40 47 86 5f cd  |P......DR..@G._.|
00000190  92 e8 75 d6 30 0f 9f c4  78 32 f2 59 47 0c f5 d0  |..u.0...x2.YG...|
000001a0  f3 0c f0 a9 d3 2b fd ec  0b bd c0 74 82 56 ff 68  |.....+.....t.V.h|
000001b0  41 5e 90 e3 73 7e ed ef  e3 95 1e cc 01 8d 3c 47  |A^..s~........<G|
000001c0  bd 49 be 69 ac 20 7d a3  d5 1f 7b cd 2b bb 72 bc  |.I.i. }...{.+.r.|
000001d0  52 1e fc bb 39 47 9d e0  73 de 9a 23 4f 1b 0b aa  |R...9G..s..#O...|
000001e0  8a d4 1c ba de e8 93 be  c1 12 78 d7 95 53 24 15  |..........x..S$.|
000001f0  e7 a8 43 12 6e b8 64 d7  58 97 94 37 56 b5 ba e4  |..C.n.d.X..7V...|
00000200


=============================== StdErr Messages: ===============================

cat: /tmp/BootInfo-LGamX1Qs/Tmp_Log: No such file or directory
cat: /tmp/BootInfo-LGamX1Qs/Tmp_Log: No such file or directory
cat: /tmp/BootInfo-LGamX1Qs/Tmp_Log: No such file or directory
cat: /tmp/BootInfo-LGamX1Qs/Tmp_Log: No such file or directory

